2022-07-17 11:04:28.168  INFO [BEFTN,,] 9084 --- [restartedMain] c.j.t24.rest.api.T24RestApiApplication   : Starting T24RestApiApplication using Java 17.0.2 on DESKTOP-S6A4GQH with PID 9084 (D:\Saif\Projects\MainBEFTNProj\MonolithBeftn\BeftnApi\target\classes started by SAIF MAHMUD PARVEZ in D:\Saif\Projects\MainBEFTNProj\MonolithBeftn\BeftnApi)
2022-07-17 11:04:28.168  INFO [BEFTN,,] 9084 --- [restartedMain] c.j.t24.rest.api.T24RestApiApplication   : No active profile set, falling back to default profiles: default
2022-07-17 11:04:28.517  INFO [BEFTN,,] 9084 --- [restartedMain] .s.d.r.c.RepositoryConfigurationDelegate : Bootstrapping Spring Data JPA repositories in DEFAULT mode.
2022-07-17 11:04:28.584  INFO [BEFTN,,] 9084 --- [restartedMain] .s.d.r.c.RepositoryConfigurationDelegate : Finished Spring Data repository scanning in 66 ms. Found 5 JPA repository interfaces.
2022-07-17 11:04:28.685  INFO [BEFTN,,] 9084 --- [restartedMain] o.s.cloud.context.scope.GenericScope     : BeanFactory id=96ffb179-056a-36d4-877a-1a56523d3a5a
2022-07-17 11:04:28.741  INFO [BEFTN,,] 9084 --- [restartedMain] trationDelegate$BeanPostProcessorChecker : Bean 'org.springframework.security.access.expression.method.DefaultMethodSecurityExpressionHandler@19c5dcf3' of type [org.springframework.security.access.expression.method.DefaultMethodSecurityExpressionHandler] is not eligible for getting processed by all BeanPostProcessors (for example: not eligible for auto-proxying)
2022-07-17 11:04:28.749  INFO [BEFTN,,] 9084 --- [restartedMain] trationDelegate$BeanPostProcessorChecker : Bean 'methodSecurityMetadataSource' of type [org.springframework.security.access.method.DelegatingMethodSecurityMetadataSource] is not eligible for getting processed by all BeanPostProcessors (for example: not eligible for auto-proxying)
2022-07-17 11:04:28.862  INFO [BEFTN,,] 9084 --- [restartedMain] o.s.b.w.embedded.tomcat.TomcatWebServer  : Tomcat initialized with port(s): 8090 (http)
2022-07-17 11:04:28.864  INFO [BEFTN,,] 9084 --- [restartedMain] o.apache.catalina.core.StandardService   : Starting service [Tomcat]
2022-07-17 11:04:28.865  INFO [BEFTN,,] 9084 --- [restartedMain] org.apache.catalina.core.StandardEngine  : Starting Servlet engine: [Apache Tomcat/9.0.48]
2022-07-17 11:04:28.925  INFO [BEFTN,,] 9084 --- [restartedMain] o.a.c.c.C.[Tomcat].[localhost].[/]       : Initializing Spring embedded WebApplicationContext
2022-07-17 11:04:28.927  INFO [BEFTN,,] 9084 --- [restartedMain] w.s.c.ServletWebServerApplicationContext : Root WebApplicationContext: initialization completed in 756 ms
2022-07-17 11:04:29.114  INFO [BEFTN,,] 9084 --- [restartedMain] com.zaxxer.hikari.HikariDataSource       : HikariPool-2 - Starting...
2022-07-17 11:04:29.208  INFO [BEFTN,,] 9084 --- [restartedMain] com.zaxxer.hikari.HikariDataSource       : HikariPool-2 - Start completed.
2022-07-17 11:04:29.213  INFO [BEFTN,,] 9084 --- [restartedMain] o.hibernate.jpa.internal.util.LogHelper  : HHH000204: Processing PersistenceUnitInfo [name: default]
2022-07-17 11:04:29.223  INFO [BEFTN,,] 9084 --- [restartedMain] org.hibernate.dialect.Dialect            : HHH000400: Using dialect: org.hibernate.dialect.Oracle12cDialect
2022-07-17 11:04:29.304  INFO [BEFTN,,] 9084 --- [restartedMain] o.h.e.boot.internal.EnversServiceImpl    : Envers integration enabled? : true
2022-07-17 11:04:29.462  INFO [BEFTN,,] 9084 --- [restartedMain] o.h.e.t.j.p.i.JtaPlatformInitiator       : HHH000490: Using JtaPlatform implementation: [org.hibernate.engine.transaction.jta.platform.internal.NoJtaPlatform]
2022-07-17 11:04:29.464  INFO [BEFTN,,] 9084 --- [restartedMain] j.LocalContainerEntityManagerFactoryBean : Initialized JPA EntityManagerFactory for persistence unit 'default'
2022-07-17 11:04:30.168  WARN [BEFTN,,] 9084 --- [restartedMain] o.s.c.s.a.z.ZipkinAutoConfiguration      : Check result of the [RestTemplateSender{http://172.17.22.63:9411/api/v2/spans}] contains an error [CheckResult{ok=false, error=org.springframework.web.client.ResourceAccessException: I/O error on POST request for "http://172.17.22.63:9411/api/v2/spans": Connect timed out; nested exception is java.net.SocketTimeoutException: Connect timed out}]
2022-07-17 11:04:30.346  WARN [BEFTN,,] 9084 --- [restartedMain] JpaBaseConfiguration$JpaWebConfiguration : spring.jpa.open-in-view is enabled by default. Therefore, database queries may be performed during view rendering. Explicitly configure spring.jpa.open-in-view to disable this warning
2022-07-17 11:04:30.564  INFO [BEFTN,,] 9084 --- [restartedMain] o.s.s.web.DefaultSecurityFilterChain     : Will secure any request with [org.springframework.security.web.context.request.async.WebAsyncManagerIntegrationFilter@536ac018, org.springframework.security.web.context.SecurityContextPersistenceFilter@4916b408, org.springframework.security.web.header.HeaderWriterFilter@1a42cee1, org.springframework.security.web.authentication.logout.LogoutFilter@368d480b, com.jbl.t24.rest.api.config.JwtRequestFilter@2baf70a, org.springframework.security.web.savedrequest.RequestCacheAwareFilter@9092e83, org.springframework.security.web.servletapi.SecurityContextHolderAwareRequestFilter@1bd8aedd, org.springframework.security.web.authentication.AnonymousAuthenticationFilter@3ae67bfe, org.springframework.security.web.session.SessionManagementFilter@636a541f, org.springframework.security.web.access.ExceptionTranslationFilter@2eabd5be, org.springframework.security.web.access.intercept.FilterSecurityInterceptor@633a5137]
2022-07-17 11:04:30.882  INFO [BEFTN,,] 9084 --- [restartedMain] o.s.b.d.a.OptionalLiveReloadServer       : LiveReload server is running on port 35729
2022-07-17 11:04:31.030  INFO [BEFTN,,] 9084 --- [restartedMain] o.s.b.a.e.web.EndpointLinksResolver      : Exposing 1 endpoint(s) beneath base path '/actuator'
2022-07-17 11:04:31.095  INFO [BEFTN,,] 9084 --- [restartedMain] o.s.b.w.embedded.tomcat.TomcatWebServer  : Tomcat started on port(s): 8090 (http) with context path ''
2022-07-17 11:04:31.138  INFO [BEFTN,,] 9084 --- [restartedMain] c.j.t24.rest.api.T24RestApiApplication   : Started T24RestApiApplication in 3.063 seconds (JVM running for 92.525)
2022-07-17 11:04:31.142  INFO [BEFTN,,] 9084 --- [restartedMain] .ConditionEvaluationDeltaLoggingListener : Condition evaluation unchanged
2022-07-17 11:04:48.487  INFO [BEFTN,,] 9084 --- [Thread-11] j.LocalContainerEntityManagerFactoryBean : Closing JPA EntityManagerFactory for persistence unit 'default'
2022-07-17 11:04:48.488  INFO [BEFTN,,] 9084 --- [Thread-11] com.zaxxer.hikari.HikariDataSource       : HikariPool-2 - Shutdown initiated...
2022-07-17 11:04:48.568  INFO [BEFTN,,] 9084 --- [Thread-11] com.zaxxer.hikari.HikariDataSource       : HikariPool-2 - Shutdown completed.
2022-07-17 11:04:48.686  INFO [BEFTN,,] 9084 --- [restartedMain] c.j.t24.rest.api.T24RestApiApplication   : Starting T24RestApiApplication using Java 17.0.2 on DESKTOP-S6A4GQH with PID 9084 (D:\Saif\Projects\MainBEFTNProj\MonolithBeftn\BeftnApi\target\classes started by SAIF MAHMUD PARVEZ in D:\Saif\Projects\MainBEFTNProj\MonolithBeftn\BeftnApi)
2022-07-17 11:04:48.687  INFO [BEFTN,,] 9084 --- [restartedMain] c.j.t24.rest.api.T24RestApiApplication   : No active profile set, falling back to default profiles: default
2022-07-17 11:04:48.948  INFO [BEFTN,,] 9084 --- [restartedMain] .s.d.r.c.RepositoryConfigurationDelegate : Bootstrapping Spring Data JPA repositories in DEFAULT mode.
2022-07-17 11:04:48.977  INFO [BEFTN,,] 9084 --- [restartedMain] .s.d.r.c.RepositoryConfigurationDelegate : Finished Spring Data repository scanning in 28 ms. Found 5 JPA repository interfaces.
2022-07-17 11:04:49.073  INFO [BEFTN,,] 9084 --- [restartedMain] o.s.cloud.context.scope.GenericScope     : BeanFactory id=96ffb179-056a-36d4-877a-1a56523d3a5a
2022-07-17 11:04:49.118  INFO [BEFTN,,] 9084 --- [restartedMain] trationDelegate$BeanPostProcessorChecker : Bean 'org.springframework.security.access.expression.method.DefaultMethodSecurityExpressionHandler@4e4d57b8' of type [org.springframework.security.access.expression.method.DefaultMethodSecurityExpressionHandler] is not eligible for getting processed by all BeanPostProcessors (for example: not eligible for auto-proxying)
2022-07-17 11:04:49.123  INFO [BEFTN,,] 9084 --- [restartedMain] trationDelegate$BeanPostProcessorChecker : Bean 'methodSecurityMetadataSource' of type [org.springframework.security.access.method.DelegatingMethodSecurityMetadataSource] is not eligible for getting processed by all BeanPostProcessors (for example: not eligible for auto-proxying)
2022-07-17 11:04:49.205  INFO [BEFTN,,] 9084 --- [restartedMain] o.s.b.w.embedded.tomcat.TomcatWebServer  : Tomcat initialized with port(s): 8090 (http)
2022-07-17 11:04:49.206  INFO [BEFTN,,] 9084 --- [restartedMain] o.apache.catalina.core.StandardService   : Starting service [Tomcat]
2022-07-17 11:04:49.206  INFO [BEFTN,,] 9084 --- [restartedMain] org.apache.catalina.core.StandardEngine  : Starting Servlet engine: [Apache Tomcat/9.0.48]
2022-07-17 11:04:49.306  INFO [BEFTN,,] 9084 --- [restartedMain] o.a.c.c.C.[Tomcat].[localhost].[/]       : Initializing Spring embedded WebApplicationContext
2022-07-17 11:04:49.307  INFO [BEFTN,,] 9084 --- [restartedMain] w.s.c.ServletWebServerApplicationContext : Root WebApplicationContext: initialization completed in 616 ms
2022-07-17 11:04:49.457  INFO [BEFTN,,] 9084 --- [restartedMain] com.zaxxer.hikari.HikariDataSource       : HikariPool-3 - Starting...
2022-07-17 11:04:49.568  INFO [BEFTN,,] 9084 --- [restartedMain] com.zaxxer.hikari.HikariDataSource       : HikariPool-3 - Start completed.
2022-07-17 11:04:49.572  INFO [BEFTN,,] 9084 --- [restartedMain] o.hibernate.jpa.internal.util.LogHelper  : HHH000204: Processing PersistenceUnitInfo [name: default]
2022-07-17 11:04:49.583  INFO [BEFTN,,] 9084 --- [restartedMain] org.hibernate.dialect.Dialect            : HHH000400: Using dialect: org.hibernate.dialect.Oracle12cDialect
2022-07-17 11:04:49.674  INFO [BEFTN,,] 9084 --- [restartedMain] o.h.e.boot.internal.EnversServiceImpl    : Envers integration enabled? : true
2022-07-17 11:04:49.799  INFO [BEFTN,,] 9084 --- [restartedMain] o.h.e.t.j.p.i.JtaPlatformInitiator       : HHH000490: Using JtaPlatform implementation: [org.hibernate.engine.transaction.jta.platform.internal.NoJtaPlatform]
2022-07-17 11:04:49.801  INFO [BEFTN,,] 9084 --- [restartedMain] j.LocalContainerEntityManagerFactoryBean : Initialized JPA EntityManagerFactory for persistence unit 'default'
2022-07-17 11:04:50.501  WARN [BEFTN,,] 9084 --- [restartedMain] o.s.c.s.a.z.ZipkinAutoConfiguration      : Check result of the [RestTemplateSender{http://172.17.22.63:9411/api/v2/spans}] contains an error [CheckResult{ok=false, error=org.springframework.web.client.ResourceAccessException: I/O error on POST request for "http://172.17.22.63:9411/api/v2/spans": Connect timed out; nested exception is java.net.SocketTimeoutException: Connect timed out}]
2022-07-17 11:04:50.679  WARN [BEFTN,,] 9084 --- [restartedMain] JpaBaseConfiguration$JpaWebConfiguration : spring.jpa.open-in-view is enabled by default. Therefore, database queries may be performed during view rendering. Explicitly configure spring.jpa.open-in-view to disable this warning
2022-07-17 11:04:50.918  INFO [BEFTN,,] 9084 --- [restartedMain] o.s.s.web.DefaultSecurityFilterChain     : Will secure any request with [org.springframework.security.web.context.request.async.WebAsyncManagerIntegrationFilter@1e22c867, org.springframework.security.web.context.SecurityContextPersistenceFilter@424b8269, org.springframework.security.web.header.HeaderWriterFilter@b1c499e, org.springframework.security.web.authentication.logout.LogoutFilter@3a9de213, com.jbl.t24.rest.api.config.JwtRequestFilter@7b9b4af3, org.springframework.security.web.savedrequest.RequestCacheAwareFilter@5abd07e4, org.springframework.security.web.servletapi.SecurityContextHolderAwareRequestFilter@68c06a60, org.springframework.security.web.authentication.AnonymousAuthenticationFilter@71bee6af, org.springframework.security.web.session.SessionManagementFilter@2d791270, org.springframework.security.web.access.ExceptionTranslationFilter@6da58e19, org.springframework.security.web.access.intercept.FilterSecurityInterceptor@4efa342]
2022-07-17 11:04:51.273  INFO [BEFTN,,] 9084 --- [restartedMain] o.s.b.d.a.OptionalLiveReloadServer       : LiveReload server is running on port 35729
2022-07-17 11:04:51.389  INFO [BEFTN,,] 9084 --- [restartedMain] o.s.b.a.e.web.EndpointLinksResolver      : Exposing 1 endpoint(s) beneath base path '/actuator'
2022-07-17 11:04:51.426  INFO [BEFTN,,] 9084 --- [restartedMain] o.s.b.w.embedded.tomcat.TomcatWebServer  : Tomcat started on port(s): 8090 (http) with context path ''
2022-07-17 11:04:51.464  INFO [BEFTN,,] 9084 --- [restartedMain] c.j.t24.rest.api.T24RestApiApplication   : Started T24RestApiApplication in 2.833 seconds (JVM running for 112.851)
2022-07-17 11:04:51.469  INFO [BEFTN,,] 9084 --- [restartedMain] .ConditionEvaluationDeltaLoggingListener : Condition evaluation unchanged
2022-07-17 11:05:59.433  INFO [BEFTN,,] 9084 --- [Thread-18] j.LocalContainerEntityManagerFactoryBean : Closing JPA EntityManagerFactory for persistence unit 'default'
2022-07-17 11:05:59.434  INFO [BEFTN,,] 9084 --- [Thread-18] com.zaxxer.hikari.HikariDataSource       : HikariPool-3 - Shutdown initiated...
2022-07-17 11:05:59.490  INFO [BEFTN,,] 9084 --- [Thread-18] com.zaxxer.hikari.HikariDataSource       : HikariPool-3 - Shutdown completed.
